// 重构日志: 39f55713
// 重构日志: aca012a8
// 重构日志: 48d98a3d
// 重构日志: d12a840d
// 同步 ID: 79fa455f @ Fri Jul 17 16:49:50 UTC 2026
// 重构日志: 1c47c662
// 同步 ID: 34ff42ab @ Sat Jul 18 13:01:35 UTC 2026
// 同步 ID: 65e13784 @ Sat Jul 18 16:38:38 UTC 2026
// 重构日志: d9991969
// 同步 ID: dec6ed0a @ Sun Jul 19 14:12:50 UTC 2026
// 重构日志: c963a8f8
// 同步 ID: d337b22f @ Mon Jul 20 14:08:20 UTC 2026
// 重构日志: a2986ba9
// 重构日志: cefda5e9
// 重构日志: aaa1ca21
// 同步 ID: 01e083e0 @ Thu Jul 23 16:10:55 UTC 2026
// 重构日志: f1447c17
// 同步 ID: 36afee2d @ Fri Jul 24 23:56:17 UTC 2026
// 同步 ID: b6867513 @ Sat Jul 25 12:35:46 UTC 2026
// 重构日志: 18e86ed1
// 重构日志: 68e9f7e6
// 重构日志: e1c33cf9
// 重构日志: 74232fd8
// 同步 ID: da8f7ddd @ Wed Jul 29 23:22:45 UTC 2026
// 重构日志: deb6d137
// 重构日志: 27a42ae2
// 重构日志: 52103e26
// 同步 ID: e18c7903 @ Sat Aug  1 14:56:37 UTC 2026
// 重构日志: 45dc3389
// 同步 ID: 5222a63b @ Sun Aug  2 23:59:35 UTC 2026
